php : PHP Warning:  
Failed loading Zend 
extension 'xdebug' 
(tried: ext\xdebug 
(The specified module 
could not be found), 
ext\php_xdebug.dll 
(The specified module 
could not be found)) 
in Unknown on line 0
At line:1 char:1
+ php artisan test tes
ts/Feature/Auth/Regist
rationTest.php > 
test_outpu ...
+ ~~~~~~~~~~~~~~~~~~~~
~~~~~~~~~~~~~~~~~~~~~~
~~~~~~~~~~~~~~~~~~~~~~
~~~~~
    + CategoryInfo    
          : NotSpeci  
  fied: (PHP Warnin   
 g:  F...known on     
line 0:String) []    
, RemoteException
    + FullyQualifiedE 
   rrorId : NativeCo  
  mmandError
 

Warning: Failed loading Zend extension 'xdebug' (tried: ext\xdebug (The specified module could not be found), ext\php_xdebug.dll (The specified module could not be found)) in Unknown on line 0

Warning: Failed loading Zend extension 'xdebug' (tried: ext\xdebug (The specified module could not be found), ext\php_xdebug.dll (The specified module could not be found)) in Unknown on line 0
PHP Warning:  Failed loading Zend extension 'xdebug' (tried: ext\xdebug (The specified module could not be found), ext\php_xdebug.dll (The specified module could not be found)) in Unknown on line 0

   FAIL  Tests\Feature\Auth\RegistrationTest
  Γ¿» registratiΓÇª 0.93s  
  Γ¿» new usersΓÇª  0.35s  
  ΓöÇΓöÇΓöÇΓöÇΓöÇΓöÇΓöÇΓöÇΓöÇΓöÇΓöÇΓöÇΓöÇΓöÇΓöÇΓöÇΓöÇΓöÇΓöÇ  
   FAILED  Tests\FeΓÇª   
  Expected response status code [200] but received 500.
Failed asserting that 500 is identical to 200.

The following exception occurred during the last request:

ReflectionException: Class "App\Http\Controllers\Auth\RegisteredUserController" does not exist in C:\AgentManager\laravel-react-app\vendor\laravel\framework\src\Illuminate\Container\Container.php:1122
Stack trace:
#0 C:\AgentManager\laravel-react-app\vendor\laravel\framework\src\Illuminate\Container\Container.php(1122): ReflectionClass->__construct('App\\Http\\Contro...')
#1 C:\AgentManager\laravel-react-app\vendor\laravel\framework\src\Illuminate\Container\Container.php(933): Illuminate\Container\Container->build('App\\Http\\Contro...')
#2 C:\AgentManager\laravel-react-app\vendor\laravel\framework\src\Illuminate\Foundation\Application.php(1078): Illuminate\Container\Container->resolve('App\\Http\\Contro...', Array, true)
#3 C:\AgentManager\laravel-react-app\vendor\laravel\framework\src\Illuminate\Container\Container.php(864): Illuminate\Foundation\Application->resolve('App\\Http\\Contro...', Array)
#4 C:\AgentManager\laravel-react-app\vendor\laravel\framework\src\Illuminate\Foundation\Application.php(1058): Illuminate\Container\Container->make('App\\Http\\Contro...', Array)
#5 C:\AgentManager\laravel-react-app\vendor\laravel\framework\src\Illuminate\Routing\Route.php(286): Illuminate\Foundation\Application->make('App\\Http\\Contro...')
#6 C:\AgentManager\laravel-react-app\vendor\laravel\framework\src\Illuminate\Routing\Route.php(266): Illuminate\Routing\Route->getController()
#7 C:\AgentManager\laravel-react-app\vendor\laravel\framework\src\Illuminate\Routing\Route.php(211): Illuminate\Routing\Route->runController()
#8 C:\AgentManager\laravel-react-app\vendor\laravel\framework\src\Illuminate\Routing\Router.php(822): Illuminate\Routing\Route->run()
#9 C:\AgentManager\laravel-react-app\vendor\laravel\framework\src\Illuminate\Pipeline\Pipeline.php(180): Illuminate\Routing\Router->{closure:Illuminate\Routing\Router::runRouteWithinStack():821}(Object(Illuminate\Http\Request))
#10 C:\AgentManager\laravel-react-app\vendor\laravel\framework\src\Illuminate\Auth\Middleware\RedirectIfAuthenticated.php(47): Illuminate\Pipeline\Pipeline->{closure:Illuminate\Pipeline\Pipeline::prepareDestination():178}(Object(Illuminate\Http\Request))
#11 C:\AgentManager\laravel-react-app\vendor\laravel\framework\src\Illuminate\Pipeline\Pipeline.php(219): Illuminate\Auth\Middleware\RedirectIfAuthenticated->handle(Object(Illuminate\Http\Request), Object(Closure))
#12 C:\AgentManager\laravel-react-app\vendor\laravel\framework\src\Illuminate\Http\Middleware\AddLinkHeadersForPreloadedAssets.php(32): Illuminate\Pipeline\Pipeline->{closure:{closure:Illuminate\Pipeline\Pipeline::carry():194}:195}(Object(Illuminate\Http\Request))
#13 C:\AgentManager\laravel-react-app\vendor\laravel\framework\src\Illuminate\Pipeline\Pipeline.php(219): Illuminate\Http\Middleware\AddLinkHeadersForPreloadedAssets->handle(Object(Illuminate\Http\Request), Object(Closure))
#14 C:\AgentManager\laravel-react-app\vendor\inertiajs\inertia-laravel\src\Middleware.php(122): Illuminate\Pipeline\Pipeline->{closure:{closure:Illuminate\Pipeline\Pipeline::carry():194}:195}(Object(Illuminate\Http\Request))
#15 C:\AgentManager\laravel-react-app\vendor\laravel\framework\src\Illuminate\Pipeline\Pipeline.php(219): Inertia\Middleware->handle(Object(Illuminate\Http\Request), Object(Closure))
#16 C:\AgentManager\laravel-react-app\vendor\laravel\framework\src\Illuminate\Routing\Middleware\SubstituteBindings.php(50): Illuminate\Pipeline\Pipeline->{closure:{closure:Illuminate\Pipeline\Pipeline::carry():194}:195}(Object(Illuminate\Http\Request))
#17 C:\AgentManager\laravel-react-app\vendor\laravel\framework\src\Illuminate\Pipeline\Pipeline.php(219): Illuminate\Routing\Middleware\SubstituteBindings->handle(Object(Illuminate\Http\Request), Object(Closure))
#18 C:\AgentManager\laravel-react-app\vendor\laravel\framework\src\Illuminate\Foundation\Http\Middleware\VerifyCsrfToken.php(87): Illuminate\Pipeline\Pipeline->{closure:{closure:Illuminate\Pipeline\Pipeline::carry():194}:195}(Object(Illuminate\Http\Request))
#19 C:\AgentManager\laravel-react-app\vendor\laravel\framework\src\Illuminate\Pipeline\Pipeline.php(219): Illuminate\Foundation\Http\Middleware\VerifyCsrfToken->handle(Object(Illuminate\Http\Request), Object(Closure))
#20 C:\AgentManager\laravel-react-app\vendor\laravel\framework\src\Illuminate\View\Middleware\ShareErrorsFromSession.php(48): Illuminate\Pipeline\Pipeline->{closure:{closure:Illuminate\Pipeline\Pipeline::carry():194}:195}(Object(Illuminate\Http\Request))
#21 C:\AgentManager\laravel-react-app\vendor\laravel\framework\src\Illuminate\Pipeline\Pipeline.php(219): Illuminate\View\Middleware\ShareErrorsFromSession->handle(Object(Illuminate\Http\Request), Object(Closure))
#22 C:\AgentManager\laravel-react-app\vendor\laravel\framework\src\Illuminate\Session\Middleware\StartSession.php(120): Illuminate\Pipeline\Pipeline->{closure:{closure:Illuminate\Pipeline\Pipeline::carry():194}:195}(Object(Illuminate\Http\Request))
#23 C:\AgentManager\laravel-react-app\vendor\laravel\framework\src\Illuminate\Session\Middleware\StartSession.php(63): Illuminate\Session\Middleware\StartSession->handleStatefulRequest(Object(Illuminate\Http\Request), Object(Illuminate\Session\Store), Object(Closure))
#24 C:\AgentManager\laravel-react-app\vendor\laravel\framework\src\Illuminate\Pipeline\Pipeline.php(219): Illuminate\Session\Middleware\StartSession->handle(Object(Illuminate\Http\Request), Object(Closure))
#25 C:\AgentManager\laravel-react-app\vendor\laravel\framework\src\Illuminate\Cookie\Middleware\AddQueuedCookiesToResponse.php(36): Illuminate\Pipeline\Pipeline->{closure:{closure:Illuminate\Pipeline\Pipeline::carry():194}:195}(Object(Illuminate\Http\Request))
#26 C:\AgentManager\laravel-react-app\vendor\laravel\framework\src\Illuminate\Pipeline\Pipeline.php(219): Illuminate\Cookie\Middleware\AddQueuedCookiesToResponse->handle(Object(Illuminate\Http\Request), Object(Closure))
#27 C:\AgentManager\laravel-react-app\vendor\laravel\framework\src\Illuminate\Cookie\Middleware\EncryptCookies.php(74): Illuminate\Pipeline\Pipeline->{closure:{closure:Illuminate\Pipeline\Pipeline::carry():194}:195}(Object(Illuminate\Http\Request))
#28 C:\AgentManager\laravel-react-app\vendor\laravel\framework\src\Illuminate\Pipeline\Pipeline.php(219): Illuminate\Cookie\Middleware\EncryptCookies->handle(Object(Illuminate\Http\Request), Object(Closure))
#29 C:\AgentManager\laravel-react-app\vendor\laravel\framework\src\Illuminate\Pipeline\Pipeline.php(137): Illuminate\Pipeline\Pipeline->{closure:{closure:Illuminate\Pipeline\Pipeline::carry():194}:195}(Object(Illuminate\Http\Request))
#30 C:\AgentManager\laravel-react-app\vendor\laravel\framework\src\Illuminate\Routing\Router.php(821): Illuminate\Pipeline\Pipeline->then(Object(Closure))
#31 C:\AgentManager\laravel-react-app\vendor\laravel\framework\src\Illuminate\Routing\Router.php(800): Illuminate\Routing\Router->runRouteWithinStack(Object(Illuminate\Routing\Route), Object(Illuminate\Http\Request))
#32 C:\AgentManager\laravel-react-app\vendor\laravel\framework\src\Illuminate\Routing\Router.php(764): Illuminate\Routing\Router->runRoute(Object(Illuminate\Http\Request), Object(Illuminate\Routing\Route))
#33 C:\AgentManager\laravel-react-app\vendor\laravel\framework\src\Illuminate\Routing\Router.php(753): Illuminate\Routing\Router->dispatchToRoute(Object(Illuminate\Http\Request))
#34 C:\AgentManager\laravel-react-app\vendor\laravel\framework\src\Illuminate\Foundation\Http\Kernel.php(200): Illuminate\Routing\Router->dispatch(Object(Illuminate\Http\Request))
#35 C:\AgentManager\laravel-react-app\vendor\laravel\framework\src\Illuminate\Pipeline\Pipeline.php(180): Illuminate\Foundation\Http\Kernel->{closure:Illuminate\Foundation\Http\Kernel::dispatchToRouter():197}(Object(Illuminate\Http\Request))
#36 C:\AgentManager\laravel-react-app\vendor\laravel\framework\src\Illuminate\Foundation\Http\Middleware\TransformsRequest.php(21): Illuminate\Pipeline\Pipeline->{closure:Illuminate\Pipeline\Pipeline::prepareDestination():178}(Object(Illuminate\Http\Request))
#37 C:\AgentManager\laravel-react-app\vendor\laravel\framework\src\Illuminate\Foundation\Http\Middleware\ConvertEmptyStringsToNull.php(31): Illuminate\Foundation\Http\Middleware\TransformsRequest->handle(Object(Illuminate\Http\Request), Object(Closure))
#38 C:\AgentManager\laravel-react-app\vendor\laravel\framework\src\Illuminate\Pipeline\Pipeline.php(219): Illuminate\Foundation\Http\Middleware\ConvertEmptyStringsToNull->handle(Object(Illuminate\Http\Request), Object(Closure))
#39 C:\AgentManager\laravel-react-app\vendor\laravel\framework\src\Illuminate\Foundation\Http\Middleware\TransformsRequest.php(21): Illuminate\Pipeline\Pipeline->{closure:{closure:Illuminate\Pipeline\Pipeline::carry():194}:195}(Object(Illuminate\Http\Request))
#40 C:\AgentManager\laravel-react-app\vendor\laravel\framework\src\Illuminate\Foundation\Http\Middleware\TrimStrings.php(51): Illuminate\Foundation\Http\Middleware\TransformsRequest->handle(Object(Illuminate\Http\Request), Object(Closure))
#41 C:\AgentManager\laravel-react-app\vendor\laravel\framework\src\Illuminate\Pipeline\Pipeline.php(219): Illuminate\Foundation\Http\Middleware\TrimStrings->handle(Object(Illuminate\Http\Request), Object(Closure))
#42 C:\AgentManager\laravel-react-app\vendor\laravel\framework\src\Illuminate\Http\Middleware\ValidatePostSize.php(27): Illuminate\Pipeline\Pipeline->{closure:{closure:Illuminate\Pipeline\Pipeline::carry():194}:195}(Object(Illuminate\Http\Request))
#43 C:\AgentManager\laravel-react-app\vendor\laravel\framework\src\Illuminate\Pipeline\Pipeline.php(219): Illuminate\Http\Middleware\ValidatePostSize->handle(Object(Illuminate\Http\Request), Object(Closure))
#44 C:\AgentManager\laravel-react-app\vendor\laravel\framework\src\Illuminate\Foundation\Http\Middleware\PreventRequestsDuringMaintenance.php(109): Illuminate\Pipeline\Pipeline->{closure:{closure:Illuminate\Pipeline\Pipeline::carry():194}:195}(Object(Illuminate\Http\Request))
#45 C:\AgentManager\laravel-react-app\vendor\laravel\framework\src\Illuminate\Pipeline\Pipeline.php(219): Illuminate\Foundation\Http\Middleware\PreventRequestsDuringMaintenance->handle(Object(Illuminate\Http\Request), Object(Closure))
#46 C:\AgentManager\laravel-react-app\vendor\laravel\framework\src\Illuminate\Http\Middleware\HandleCors.php(61): Illuminate\Pipeline\Pipeline->{closure:{closure:Illuminate\Pipeline\Pipeline::carry():194}:195}(Object(Illuminate\Http\Request))
#47 C:\AgentManager\laravel-react-app\vendor\laravel\framework\src\Illuminate\Pipeline\Pipeline.php(219): Illuminate\Http\Middleware\HandleCors->handle(Object(Illuminate\Http\Request), Object(Closure))
#48 C:\AgentManager\laravel-react-app\vendor\laravel\framework\src\Illuminate\Http\Middleware\TrustProxies.php(58): Illuminate\Pipeline\Pipeline->{closure:{closure:Illuminate\Pipeline\Pipeline::carry():194}:195}(Object(Illuminate\Http\Request))
#49 C:\AgentManager\laravel-react-app\vendor\laravel\framework\src\Illuminate\Pipeline\Pipeline.php(219): Illuminate\Http\Middleware\TrustProxies->handle(Object(Illuminate\Http\Request), Object(Closure))
#50 C:\AgentManager\laravel-react-app\vendor\laravel\framework\src\Illuminate\Foundation\Http\Middleware\InvokeDeferredCallbacks.php(22): Illuminate\Pipeline\Pipeline->{closure:{closure:Illuminate\Pipeline\Pipeline::carry():194}:195}(Object(Illuminate\Http\Request))
#51 C:\AgentManager\laravel-react-app\vendor\laravel\framework\src\Illuminate\Pipeline\Pipeline.php(219): Illuminate\Foundation\Http\Middleware\InvokeDeferredCallbacks->handle(Object(Illuminate\Http\Request), Object(Closure))
#52 C:\AgentManager\laravel-react-app\vendor\laravel\framework\src\Illuminate\Http\Middleware\ValidatePathEncoding.php(26): Illuminate\Pipeline\Pipeline->{closure:{closure:Illuminate\Pipeline\Pipeline::carry():194}:195}(Object(Illuminate\Http\Request))
#53 C:\AgentManager\laravel-react-app\vendor\laravel\framework\src\Illuminate\Pipeline\Pipeline.php(219): Illuminate\Http\Middleware\ValidatePathEncoding->handle(Object(Illuminate\Http\Request), Object(Closure))
#54 C:\AgentManager\laravel-react-app\vendor\laravel\framework\src\Illuminate\Pipeline\Pipeline.php(137): Illuminate\Pipeline\Pipeline->{closure:{closure:Illuminate\Pipeline\Pipeline::carry():194}:195}(Object(Illuminate\Http\Request))
#55 C:\AgentManager\laravel-react-app\vendor\laravel\framework\src\Illuminate\Foundation\Http\Kernel.php(175): Illuminate\Pipeline\Pipeline->then(Object(Closure))
#56 C:\AgentManager\laravel-react-app\vendor\laravel\framework\src\Illuminate\Foundation\Http\Kernel.php(144): Illuminate\Foundation\Http\Kernel->sendRequestThroughRouter(Object(Illuminate\Http\Request))
#57 C:\AgentManager\laravel-react-app\vendor\laravel\framework\src\Illuminate\Foundation\Testing\Concerns\MakesHttpRequests.php(607): Illuminate\Foundation\Http\Kernel->handle(Object(Illuminate\Http\Request))
#58 C:\AgentManager\laravel-react-app\vendor\laravel\framework\src\Illuminate\Foundation\Testing\Concerns\MakesHttpRequests.php(368): Illuminate\Foundation\Testing\TestCase->call('GET', '/register', Array, Array, Array, Array)
#59 C:\AgentManager\laravel-react-app\tests\Feature\Auth\RegistrationTest.php(14): Illuminate\Foundation\Testing\TestCase->get('/register')
#60 C:\AgentManager\laravel-react-app\vendor\phpunit\phpunit\src\Framework\TestCase.php(1667): Tests\Feature\Auth\RegistrationTest->test_registration_screen_can_be_rendered()
#61 C:\AgentManager\laravel-react-app\vendor\phpunit\phpunit\src\Framework\TestCase.php(519): PHPUnit\Framework\TestCase->runTest()
#62 C:\AgentManager\laravel-react-app\vendor\phpunit\phpunit\src\Framework\TestRunner\TestRunner.php(87): PHPUnit\Framework\TestCase->runBare()
#63 C:\AgentManager\laravel-react-app\vendor\phpunit\phpunit\src\Framework\TestCase.php(365): PHPUnit\Framework\TestRunner->run(Object(Tests\Feature\Auth\RegistrationTest))
#64 C:\AgentManager\laravel-react-app\vendor\phpunit\phpunit\src\Framework\TestSuite.php(369): PHPUnit\Framework\TestCase->run()
#65 C:\AgentManager\laravel-react-app\vendor\phpunit\phpunit\src\TextUI\TestRunner.php(64): PHPUnit\Framework\TestSuite->run()
#66 C:\AgentManager\laravel-react-app\vendor\phpunit\phpunit\src\TextUI\Application.php(211): PHPUnit\TextUI\TestRunner->run(Object(PHPUnit\TextUI\Configuration\Configuration), Object(PHPUnit\Runner\ResultCache\DefaultResultCache), Object(PHPUnit\Framework\TestSuite))
#67 C:\AgentManager\laravel-react-app\vendor\phpunit\phpunit\phpunit(104): PHPUnit\TextUI\Application->run(Array)
#68 {main}

Next Illuminate\Contracts\Container\BindingResolutionException: Target class [App\Http\Controllers\Auth\RegisteredUserController] does not exist. in C:\AgentManager\laravel-react-app\vendor\laravel\framework\src\Illuminate\Container\Container.php:1124
Stack trace:
#0 C:\AgentManager\laravel-react-app\vendor\laravel\framework\src\Illuminate\Container\Container.php(933): Illuminate\Container\Container->build('App\\Http\\Contro...')
#1 C:\AgentManager\laravel-react-app\vendor\laravel\framework\src\Illuminate\Foundation\Application.php(1078): Illuminate\Container\Container->resolve('App\\Http\\Contro...', Array, true)
#2 C:\AgentManager\laravel-react-app\vendor\laravel\framework\src\Illuminate\Container\Container.php(864): Illuminate\Foundation\Application->resolve('App\\Http\\Contro...', Array)
#3 C:\AgentManager\laravel-react-app\vendor\laravel\framework\src\Illuminate\Foundation\Application.php(1058): Illuminate\Container\Container->make('App\\Http\\Contro...', Array)
#4 C:\AgentManager\laravel-react-app\vendor\laravel\framework\src\Illuminate\Routing\Route.php(286): Illuminate\Foundation\Application->make('App\\Http\\Contro...')
#5 C:\AgentManager\laravel-react-app\vendor\laravel\framework\src\Illuminate\Routing\Route.php(266): Illuminate\Routing\Route->getController()
#6 C:\AgentManager\laravel-react-app\vendor\laravel\framework\src\Illuminate\Routing\Route.php(211): Illuminate\Routing\Route->runController()
#7 C:\AgentManager\laravel-react-app\vendor\laravel\framework\src\Illuminate\Routing\Router.php(822): Illuminate\Routing\Route->run()
#8 C:\AgentManager\laravel-react-app\vendor\laravel\framework\src\Illuminate\Pipeline\Pipeline.php(180): Illuminate\Routing\Router->{closure:Illuminate\Routing\Router::runRouteWithinStack():821}(Object(Illuminate\Http\Request))
#9 C:\AgentManager\laravel-react-app\vendor\laravel\framework\src\Illuminate\Auth\Middleware\RedirectIfAuthenticated.php(47): Illuminate\Pipeline\Pipeline->{closure:Illuminate\Pipeline\Pipeline::prepareDestination():178}(Object(Illuminate\Http\Request))
#10 C:\AgentManager\laravel-react-app\vendor\laravel\framework\src\Illuminate\Pipeline\Pipeline.php(219): Illuminate\Auth\Middleware\RedirectIfAuthenticated->handle(Object(Illuminate\Http\Request), Object(Closure))
#11 C:\AgentManager\laravel-react-app\vendor\laravel\framework\src\Illuminate\Http\Middleware\AddLinkHeadersForPreloadedAssets.php(32): Illuminate\Pipeline\Pipeline->{closure:{closure:Illuminate\Pipeline\Pipeline::carry():194}:195}(Object(Illuminate\Http\Request))
#12 C:\AgentManager\laravel-react-app\vendor\laravel\framework\src\Illuminate\Pipeline\Pipeline.php(219): Illuminate\Http\Middleware\AddLinkHeadersForPreloadedAssets->handle(Object(Illuminate\Http\Request), Object(Closure))
#13 C:\AgentManager\laravel-react-app\vendor\inertiajs\inertia-laravel\src\Middleware.php(122): Illuminate\Pipeline\Pipeline->{closure:{closure:Illuminate\Pipeline\Pipeline::carry():194}:195}(Object(Illuminate\Http\Request))
#14 C:\AgentManager\laravel-react-app\vendor\laravel\framework\src\Illuminate\Pipeline\Pipeline.php(219): Inertia\Middleware->handle(Object(Illuminate\Http\Request), Object(Closure))
#15 C:\AgentManager\laravel-react-app\vendor\laravel\framework\src\Illuminate\Routing\Middleware\SubstituteBindings.php(50): Illuminate\Pipeline\Pipeline->{closure:{closure:Illuminate\Pipeline\Pipeline::carry():194}:195}(Object(Illuminate\Http\Request))
#16 C:\AgentManager\laravel-react-app\vendor\laravel\framework\src\Illuminate\Pipeline\Pipeline.php(219): Illuminate\Routing\Middleware\SubstituteBindings->handle(Object(Illuminate\Http\Request), Object(Closure))
#17 C:\AgentManager\laravel-react-app\vendor\laravel\framework\src\Illuminate\Foundation\Http\Middleware\VerifyCsrfToken.php(87): Illuminate\Pipeline\Pipeline->{closure:{closure:Illuminate\Pipeline\Pipeline::carry():194}:195}(Object(Illuminate\Http\Request))
#18 C:\AgentManager\laravel-react-app\vendor\laravel\framework\src\Illuminate\Pipeline\Pipeline.php(219): Illuminate\Foundation\Http\Middleware\VerifyCsrfToken->handle(Object(Illuminate\Http\Request), Object(Closure))
#19 C:\AgentManager\laravel-react-app\vendor\laravel\framework\src\Illuminate\View\Middleware\ShareErrorsFromSession.php(48): Illuminate\Pipeline\Pipeline->{closure:{closure:Illuminate\Pipeline\Pipeline::carry():194}:195}(Object(Illuminate\Http\Request))
#20 C:\AgentManager\laravel-react-app\vendor\laravel\framework\src\Illuminate\Pipeline\Pipeline.php(219): Illuminate\View\Middleware\ShareErrorsFromSession->handle(Object(Illuminate\Http\Request), Object(Closure))
#21 C:\AgentManager\laravel-react-app\vendor\laravel\framework\src\Illuminate\Session\Middleware\StartSession.php(120): Illuminate\Pipeline\Pipeline->{closure:{closure:Illuminate\Pipeline\Pipeline::carry():194}:195}(Object(Illuminate\Http\Request))
#22 C:\AgentManager\laravel-react-app\vendor\laravel\framework\src\Illuminate\Session\Middleware\StartSession.php(63): Illuminate\Session\Middleware\StartSession->handleStatefulRequest(Object(Illuminate\Http\Request), Object(Illuminate\Session\Store), Object(Closure))
#23 C:\AgentManager\laravel-react-app\vendor\laravel\framework\src\Illuminate\Pipeline\Pipeline.php(219): Illuminate\Session\Middleware\StartSession->handle(Object(Illuminate\Http\Request), Object(Closure))
#24 C:\AgentManager\laravel-react-app\vendor\laravel\framework\src\Illuminate\Cookie\Middleware\AddQueuedCookiesToResponse.php(36): Illuminate\Pipeline\Pipeline->{closure:{closure:Illuminate\Pipeline\Pipeline::carry():194}:195}(Object(Illuminate\Http\Request))
#25 C:\AgentManager\laravel-react-app\vendor\laravel\framework\src\Illuminate\Pipeline\Pipeline.php(219): Illuminate\Cookie\Middleware\AddQueuedCookiesToResponse->handle(Object(Illuminate\Http\Request), Object(Closure))
#26 C:\AgentManager\laravel-react-app\vendor\laravel\framework\src\Illuminate\Cookie\Middleware\EncryptCookies.php(74): Illuminate\Pipeline\Pipeline->{closure:{closure:Illuminate\Pipeline\Pipeline::carry():194}:195}(Object(Illuminate\Http\Request))
#27 C:\AgentManager\laravel-react-app\vendor\laravel\framework\src\Illuminate\Pipeline\Pipeline.php(219): Illuminate\Cookie\Middleware\EncryptCookies->handle(Object(Illuminate\Http\Request), Object(Closure))
#28 C:\AgentManager\laravel-react-app\vendor\laravel\framework\src\Illuminate\Pipeline\Pipeline.php(137): Illuminate\Pipeline\Pipeline->{closure:{closure:Illuminate\Pipeline\Pipeline::carry():194}:195}(Object(Illuminate\Http\Request))
#29 C:\AgentManager\laravel-react-app\vendor\laravel\framework\src\Illuminate\Routing\Router.php(821): Illuminate\Pipeline\Pipeline->then(Object(Closure))
#30 C:\AgentManager\laravel-react-app\vendor\laravel\framework\src\Illuminate\Routing\Router.php(800): Illuminate\Routing\Router->runRouteWithinStack(Object(Illuminate\Routing\Route), Object(Illuminate\Http\Request))
#31 C:\AgentManager\laravel-react-app\vendor\laravel\framework\src\Illuminate\Routing\Router.php(764): Illuminate\Routing\Router->runRoute(Object(Illuminate\Http\Request), Object(Illuminate\Routing\Route))
#32 C:\AgentManager\laravel-react-app\vendor\laravel\framework\src\Illuminate\Routing\Router.php(753): Illuminate\Routing\Router->dispatchToRoute(Object(Illuminate\Http\Request))
#33 C:\AgentManager\laravel-react-app\vendor\laravel\framework\src\Illuminate\Foundation\Http\Kernel.php(200): Illuminate\Routing\Router->dispatch(Object(Illuminate\Http\Request))
#34 C:\AgentManager\laravel-react-app\vendor\laravel\framework\src\Illuminate\Pipeline\Pipeline.php(180): Illuminate\Foundation\Http\Kernel->{closure:Illuminate\Foundation\Http\Kernel::dispatchToRouter():197}(Object(Illuminate\Http\Request))
#35 C:\AgentManager\laravel-react-app\vendor\laravel\framework\src\Illuminate\Foundation\Http\Middleware\TransformsRequest.php(21): Illuminate\Pipeline\Pipeline->{closure:Illuminate\Pipeline\Pipeline::prepareDestination():178}(Object(Illuminate\Http\Request))
#36 C:\AgentManager\laravel-react-app\vendor\laravel\framework\src\Illuminate\Foundation\Http\Middleware\ConvertEmptyStringsToNull.php(31): Illuminate\Foundation\Http\Middleware\TransformsRequest->handle(Object(Illuminate\Http\Request), Object(Closure))
#37 C:\AgentManager\laravel-react-app\vendor\laravel\framework\src\Illuminate\Pipeline\Pipeline.php(219): Illuminate\Foundation\Http\Middleware\ConvertEmptyStringsToNull->handle(Object(Illuminate\Http\Request), Object(Closure))
#38 C:\AgentManager\laravel-react-app\vendor\laravel\framework\src\Illuminate\Foundation\Http\Middleware\TransformsRequest.php(21): Illuminate\Pipeline\Pipeline->{closure:{closure:Illuminate\Pipeline\Pipeline::carry():194}:195}(Object(Illuminate\Http\Request))
#39 C:\AgentManager\laravel-react-app\vendor\laravel\framework\src\Illuminate\Foundation\Http\Middleware\TrimStrings.php(51): Illuminate\Foundation\Http\Middleware\TransformsRequest->handle(Object(Illuminate\Http\Request), Object(Closure))
#40 C:\AgentManager\laravel-react-app\vendor\laravel\framework\src\Illuminate\Pipeline\Pipeline.php(219): Illuminate\Foundation\Http\Middleware\TrimStrings->handle(Object(Illuminate\Http\Request), Object(Closure))
#41 C:\AgentManager\laravel-react-app\vendor\laravel\framework\src\Illuminate\Http\Middleware\ValidatePostSize.php(27): Illuminate\Pipeline\Pipeline->{closure:{closure:Illuminate\Pipeline\Pipeline::carry():194}:195}(Object(Illuminate\Http\Request))
#42 C:\AgentManager\laravel-react-app\vendor\laravel\framework\src\Illuminate\Pipeline\Pipeline.php(219): Illuminate\Http\Middleware\ValidatePostSize->handle(Object(Illuminate\Http\Request), Object(Closure))
#43 C:\AgentManager\laravel-react-app\vendor\laravel\framework\src\Illuminate\Foundation\Http\Middleware\PreventRequestsDuringMaintenance.php(109): Illuminate\Pipeline\Pipeline->{closure:{closure:Illuminate\Pipeline\Pipeline::carry():194}:195}(Object(Illuminate\Http\Request))
#44 C:\AgentManager\laravel-react-app\vendor\laravel\framework\src\Illuminate\Pipeline\Pipeline.php(219): Illuminate\Foundation\Http\Middleware\PreventRequestsDuringMaintenance->handle(Object(Illuminate\Http\Request), Object(Closure))
#45 C:\AgentManager\laravel-react-app\vendor\laravel\framework\src\Illuminate\Http\Middleware\HandleCors.php(61): Illuminate\Pipeline\Pipeline->{closure:{closure:Illuminate\Pipeline\Pipeline::carry():194}:195}(Object(Illuminate\Http\Request))
#46 C:\AgentManager\laravel-react-app\vendor\laravel\framework\src\Illuminate\Pipeline\Pipeline.php(219): Illuminate\Http\Middleware\HandleCors->handle(Object(Illuminate\Http\Request), Object(Closure))
#47 C:\AgentManager\laravel-react-app\vendor\laravel\framework\src\Illuminate\Http\Middleware\TrustProxies.php(58): Illuminate\Pipeline\Pipeline->{closure:{closure:Illuminate\Pipeline\Pipeline::carry():194}:195}(Object(Illuminate\Http\Request))
#48 C:\AgentManager\laravel-react-app\vendor\laravel\framework\src\Illuminate\Pipeline\Pipeline.php(219): Illuminate\Http\Middleware\TrustProxies->handle(Object(Illuminate\Http\Request), Object(Closure))
#49 C:\AgentManager\laravel-react-app\vendor\laravel\framework\src\Illuminate\Foundation\Http\Middleware\InvokeDeferredCallbacks.php(22): Illuminate\Pipeline\Pipeline->{closure:{closure:Illuminate\Pipeline\Pipeline::carry():194}:195}(Object(Illuminate\Http\Request))
#50 C:\AgentManager\laravel-react-app\vendor\laravel\framework\src\Illuminate\Pipeline\Pipeline.php(219): Illuminate\Foundation\Http\Middleware\InvokeDeferredCallbacks->handle(Object(Illuminate\Http\Request), Object(Closure))
#51 C:\AgentManager\laravel-react-app\vendor\laravel\framework\src\Illuminate\Http\Middleware\ValidatePathEncoding.php(26): Illuminate\Pipeline\Pipeline->{closure:{closure:Illuminate\Pipeline\Pipeline::carry():194}:195}(Object(Illuminate\Http\Request))
#52 C:\AgentManager\laravel-react-app\vendor\laravel\framework\src\Illuminate\Pipeline\Pipeline.php(219): Illuminate\Http\Middleware\ValidatePathEncoding->handle(Object(Illuminate\Http\Request), Object(Closure))
#53 C:\AgentManager\laravel-react-app\vendor\laravel\framework\src\Illuminate\Pipeline\Pipeline.php(137): Illuminate\Pipeline\Pipeline->{closure:{closure:Illuminate\Pipeline\Pipeline::carry():194}:195}(Object(Illuminate\Http\Request))
#54 C:\AgentManager\laravel-react-app\vendor\laravel\framework\src\Illuminate\Foundation\Http\Kernel.php(175): Illuminate\Pipeline\Pipeline->then(Object(Closure))
#55 C:\AgentManager\laravel-react-app\vendor\laravel\framework\src\Illuminate\Foundation\Http\Kernel.php(144): Illuminate\Foundation\Http\Kernel->sendRequestThroughRouter(Object(Illuminate\Http\Request))
#56 C:\AgentManager\laravel-react-app\vendor\laravel\framework\src\Illuminate\Foundation\Testing\Concerns\MakesHttpRequests.php(607): Illuminate\Foundation\Http\Kernel->handle(Object(Illuminate\Http\Request))
#57 C:\AgentManager\laravel-react-app\vendor\laravel\framework\src\Illuminate\Foundation\Testing\Concerns\MakesHttpRequests.php(368): Illuminate\Foundation\Testing\TestCase->call('GET', '/register', Array, Array, Array, Array)
#58 C:\AgentManager\laravel-react-app\tests\Feature\Auth\RegistrationTest.php(14): Illuminate\Foundation\Testing\TestCase->get('/register')
#59 C:\AgentManager\laravel-react-app\vendor\phpunit\phpunit\src\Framework\TestCase.php(1667): Tests\Feature\Auth\RegistrationTest->test_registration_screen_can_be_rendered()
#60 C:\AgentManager\laravel-react-app\vendor\phpunit\phpunit\src\Framework\TestCase.php(519): PHPUnit\Framework\TestCase->runTest()
#61 C:\AgentManager\laravel-react-app\vendor\phpunit\phpunit\src\Framework\TestRunner\TestRunner.php(87): PHPUnit\Framework\TestCase->runBare()
#62 C:\AgentManager\laravel-react-app\vendor\phpunit\phpunit\src\Framework\TestCase.php(365): PHPUnit\Framework\TestRunner->run(Object(Tests\Feature\Auth\RegistrationTest))
#63 C:\AgentManager\laravel-react-app\vendor\phpunit\phpunit\src\Framework\TestSuite.php(369): PHPUnit\Framework\TestCase->run()
#64 C:\AgentManager\laravel-react-app\vendor\phpunit\phpunit\src\TextUI\TestRunner.php(64): PHPUnit\Framework\TestSuite->run()
#65 C:\AgentManager\laravel-react-app\vendor\phpunit\phpunit\src\TextUI\Application.php(211): PHPUnit\TextUI\TestRunner->run(Object(PHPUnit\TextUI\Configuration\Configuration), Object(PHPUnit\Runner\ResultCache\DefaultResultCache), Object(PHPUnit\Framework\TestSuite))
#66 C:\AgentManager\laravel-react-app\vendor\phpunit\phpunit\phpunit(104): PHPUnit\TextUI\Application->run(Array)
#67 {main}

----------------------------------------------------------------------------------

Target class [App\Http\Controllers\Auth\RegisteredUserController] does not exist.

  at tests\Feature\Auth\RegistrationTest.php:16
     12Γûò     public function test_registration_screen_can_be_rendered(): void
     13Γûò     {
     14Γûò         $response = $this->get('/register');
     15Γûò 
  Γ₧£  16Γûò         $response->assertStatus(200);
     17Γûò     }
     18Γûò 
     19Γûò     public function test_new_users_can_register(): void
     20Γûò     {

  ΓöÇΓöÇΓöÇΓöÇΓöÇΓöÇΓöÇΓöÇΓöÇΓöÇΓöÇΓöÇΓöÇΓöÇΓöÇΓöÇΓöÇΓöÇΓöÇ  
   FAILED  Tests\FeΓÇª   
  The user is not authenticated
Failed asserting that false is true.

  at tests\Feature\Auth\RegistrationTest.php:28
     24Γûò             'password' => 'password',
     25Γûò             'password_confirmation' => 'password',
     26Γûò         ]);
     27Γûò 
  Γ₧£  28Γûò         $this->assertAuthenticated();
     29Γûò         $response->assertRedirect(route('dashboard', absolute: false));
     30Γûò     }
     31Γûò }
     32Γûò


  Tests:    2 failed (2 assertions)
  Duration: 1.41s

